2025-12-21T15:33:03.7769580Z Current runner version: '2.330.0'
2025-12-21T15:33:03.7793644Z ##[group]Runner Image Provisioner
2025-12-21T15:33:03.7794463Z Hosted Compute Agent
2025-12-21T15:33:03.7795033Z Version: 20251211.462
2025-12-21T15:33:03.7795652Z Commit: 6cbad8c2bb55d58165063d031ccabf57e2d2db61
2025-12-21T15:33:03.7796300Z Build Date: 2025-12-11T16:28:49Z
2025-12-21T15:33:03.7797008Z Worker ID: {d1113d9a-1e2a-4dec-95a2-d7033104d01a}
2025-12-21T15:33:03.7797661Z ##[endgroup]
2025-12-21T15:33:03.7798220Z ##[group]Operating System
2025-12-21T15:33:03.7798807Z Ubuntu
2025-12-21T15:33:03.7799256Z 24.04.3
2025-12-21T15:33:03.7799717Z LTS
2025-12-21T15:33:03.7800122Z ##[endgroup]
2025-12-21T15:33:03.7800902Z ##[group]Runner Image
2025-12-21T15:33:03.7801420Z Image: ubuntu-24.04
2025-12-21T15:33:03.7801915Z Version: 20251215.174.1
2025-12-21T15:33:03.7802962Z Included Software: https://github.com/actions/runner-images/blob/ubuntu24/20251215.174/images/ubuntu/Ubuntu2404-Readme.md
2025-12-21T15:33:03.7804492Z Image Release: https://github.com/actions/runner-images/releases/tag/ubuntu24%2F20251215.174
2025-12-21T15:33:03.7805531Z ##[endgroup]
2025-12-21T15:33:03.7806559Z ##[group]GITHUB_TOKEN Permissions
2025-12-21T15:33:03.7808544Z Contents: read
2025-12-21T15:33:03.7809047Z Metadata: read
2025-12-21T15:33:03.7809540Z Packages: read
2025-12-21T15:33:03.7810102Z ##[endgroup]
2025-12-21T15:33:03.7812171Z Secret source: Actions
2025-12-21T15:33:03.7812854Z Prepare workflow directory
2025-12-21T15:33:03.8180024Z Prepare all required actions
2025-12-21T15:33:03.8217230Z Getting action download info
2025-12-21T15:33:04.1544478Z Download action repository 'actions/checkout@v4' (SHA:34e114876b0b11c390a56381ad16ebd13914f8d5)
2025-12-21T15:33:04.2663099Z Download action repository 'actions/setup-python@v5' (SHA:a26af69be951a213d495a4c3e4e4022e16d87065)
2025-12-21T15:33:04.4463931Z Complete job name: test
2025-12-21T15:33:04.5123955Z ##[group]Run actions/checkout@v4
2025-12-21T15:33:04.5124752Z with:
2025-12-21T15:33:04.5125170Z   repository: kolyfish/Smart_Stock_Light
2025-12-21T15:33:04.5125844Z   token: ***
2025-12-21T15:33:04.5126218Z   ssh-strict: true
2025-12-21T15:33:04.5126590Z   ssh-user: git
2025-12-21T15:33:04.5126988Z   persist-credentials: true
2025-12-21T15:33:04.5127462Z   clean: true
2025-12-21T15:33:04.5127854Z   sparse-checkout-cone-mode: true
2025-12-21T15:33:04.5128324Z   fetch-depth: 1
2025-12-21T15:33:04.5128698Z   fetch-tags: false
2025-12-21T15:33:04.5129091Z   show-progress: true
2025-12-21T15:33:04.5129490Z   lfs: false
2025-12-21T15:33:04.5129862Z   submodules: false
2025-12-21T15:33:04.5130255Z   set-safe-directory: true
2025-12-21T15:33:04.5131065Z ##[endgroup]
2025-12-21T15:33:04.6187865Z Syncing repository: kolyfish/Smart_Stock_Light
2025-12-21T15:33:04.6189489Z ##[group]Getting Git version info
2025-12-21T15:33:04.6190319Z Working directory is '/home/runner/work/Smart_Stock_Light/Smart_Stock_Light'
2025-12-21T15:33:04.6191678Z [command]/usr/bin/git version
2025-12-21T15:33:04.6259460Z git version 2.52.0
2025-12-21T15:33:04.6284926Z ##[endgroup]
2025-12-21T15:33:04.6301670Z Temporarily overriding HOME='/home/runner/work/_temp/202c0952-d902-48c4-bce7-3a33495f0c98' before making global git config changes
2025-12-21T15:33:04.6304006Z Adding repository directory to the temporary git global config as a safe directory
2025-12-21T15:33:04.6314505Z [command]/usr/bin/git config --global --add safe.directory /home/runner/work/Smart_Stock_Light/Smart_Stock_Light
2025-12-21T15:33:04.6351880Z Deleting the contents of '/home/runner/work/Smart_Stock_Light/Smart_Stock_Light'
2025-12-21T15:33:04.6355508Z ##[group]Initializing the repository
2025-12-21T15:33:04.6360290Z [command]/usr/bin/git init /home/runner/work/Smart_Stock_Light/Smart_Stock_Light
2025-12-21T15:33:04.6455080Z hint: Using 'master' as the name for the initial branch. This default branch name
2025-12-21T15:33:04.6456515Z hint: will change to "main" in Git 3.0. To configure the initial branch name
2025-12-21T15:33:04.6457669Z hint: to use in all of your new repositories, which will suppress this warning,
2025-12-21T15:33:04.6459001Z hint: call:
2025-12-21T15:33:04.6459489Z hint:
2025-12-21T15:33:04.6460317Z hint: 	git config --global init.defaultBranch <name>
2025-12-21T15:33:04.6461627Z hint:
2025-12-21T15:33:04.6462610Z hint: Names commonly chosen instead of 'master' are 'main', 'trunk' and
2025-12-21T15:33:04.6464224Z hint: 'development'. The just-created branch can be renamed via this command:
2025-12-21T15:33:04.6465525Z hint:
2025-12-21T15:33:04.6466186Z hint: 	git branch -m <name>
2025-12-21T15:33:04.6466923Z hint:
2025-12-21T15:33:04.6467904Z hint: Disable this message with "git config set advice.defaultBranchName false"
2025-12-21T15:33:04.6469846Z Initialized empty Git repository in /home/runner/work/Smart_Stock_Light/Smart_Stock_Light/.git/
2025-12-21T15:33:04.6473084Z [command]/usr/bin/git remote add origin https://github.com/kolyfish/Smart_Stock_Light
2025-12-21T15:33:04.6504449Z ##[endgroup]
2025-12-21T15:33:04.6505612Z ##[group]Disabling automatic garbage collection
2025-12-21T15:33:04.6509175Z [command]/usr/bin/git config --local gc.auto 0
2025-12-21T15:33:04.6537480Z ##[endgroup]
2025-12-21T15:33:04.6538663Z ##[group]Setting up auth
2025-12-21T15:33:04.6544873Z [command]/usr/bin/git config --local --name-only --get-regexp core\.sshCommand
2025-12-21T15:33:04.6575354Z [command]/usr/bin/git submodule foreach --recursive sh -c "git config --local --name-only --get-regexp 'core\.sshCommand' && git config --local --unset-all 'core.sshCommand' || :"
2025-12-21T15:33:04.6889580Z [command]/usr/bin/git config --local --name-only --get-regexp http\.https\:\/\/github\.com\/\.extraheader
2025-12-21T15:33:04.6917306Z [command]/usr/bin/git submodule foreach --recursive sh -c "git config --local --name-only --get-regexp 'http\.https\:\/\/github\.com\/\.extraheader' && git config --local --unset-all 'http.https://github.com/.extraheader' || :"
2025-12-21T15:33:04.7132079Z [command]/usr/bin/git config --local --name-only --get-regexp ^includeIf\.gitdir:
2025-12-21T15:33:04.7161038Z [command]/usr/bin/git submodule foreach --recursive git config --local --show-origin --name-only --get-regexp remote.origin.url
2025-12-21T15:33:04.7385690Z [command]/usr/bin/git config --local http.https://github.com/.extraheader AUTHORIZATION: basic ***
2025-12-21T15:33:04.7418481Z ##[endgroup]
2025-12-21T15:33:04.7419367Z ##[group]Fetching the repository
2025-12-21T15:33:04.7426424Z [command]/usr/bin/git -c protocol.version=2 fetch --no-tags --prune --no-recurse-submodules --depth=1 origin +eac79297521012b4817660ac3b08c1d9a9e729f1:refs/remotes/origin/main
2025-12-21T15:33:05.1952415Z From https://github.com/kolyfish/Smart_Stock_Light
2025-12-21T15:33:05.1954027Z  * [new ref]         eac79297521012b4817660ac3b08c1d9a9e729f1 -> origin/main
2025-12-21T15:33:05.1987198Z ##[endgroup]
2025-12-21T15:33:05.1988424Z ##[group]Determining the checkout info
2025-12-21T15:33:05.1991103Z ##[endgroup]
2025-12-21T15:33:05.1995327Z [command]/usr/bin/git sparse-checkout disable
2025-12-21T15:33:05.2037257Z [command]/usr/bin/git config --local --unset-all extensions.worktreeConfig
2025-12-21T15:33:05.2065711Z ##[group]Checking out the ref
2025-12-21T15:33:05.2068016Z [command]/usr/bin/git checkout --progress --force -B main refs/remotes/origin/main
2025-12-21T15:33:05.2163528Z Switched to a new branch 'main'
2025-12-21T15:33:05.2165499Z branch 'main' set up to track 'origin/main'.
2025-12-21T15:33:05.2172050Z ##[endgroup]
2025-12-21T15:33:05.2206195Z [command]/usr/bin/git log -1 --format=%H
2025-12-21T15:33:05.2228867Z eac79297521012b4817660ac3b08c1d9a9e729f1
2025-12-21T15:33:05.2522537Z ##[group]Run actions/setup-python@v5
2025-12-21T15:33:05.2523578Z with:
2025-12-21T15:33:05.2524267Z   python-version: 3.10
2025-12-21T15:33:05.2525093Z   check-latest: false
2025-12-21T15:33:05.2526151Z   token: ***
2025-12-21T15:33:05.2526903Z   update-environment: true
2025-12-21T15:33:05.2527814Z   allow-prereleases: false
2025-12-21T15:33:05.2528689Z   freethreaded: false
2025-12-21T15:33:05.2529479Z ##[endgroup]
2025-12-21T15:33:05.4177809Z ##[group]Installed versions
2025-12-21T15:33:05.4285357Z Successfully set up CPython (3.10.19)
2025-12-21T15:33:05.4287932Z ##[endgroup]
2025-12-21T15:33:05.4429242Z ##[group]Run python -m pip install --upgrade pip
2025-12-21T15:33:05.4430873Z [36;1mpython -m pip install --upgrade pip[0m
2025-12-21T15:33:05.4432530Z [36;1mif [ -f requirements.txt ]; then pip install -r requirements.txt; fi[0m
2025-12-21T15:33:05.4434155Z [36;1m# Ensure pytest and ruff are installed[0m
2025-12-21T15:33:05.4435738Z [36;1mpip install pytest pytest-mock ruff playwright pytest-playwright[0m
2025-12-21T15:33:05.4437271Z [36;1mplaywright install chromium[0m
2025-12-21T15:33:05.4485584Z shell: /usr/bin/bash -e {0}
2025-12-21T15:33:05.4486489Z env:
2025-12-21T15:33:05.4487400Z   pythonLocation: /opt/hostedtoolcache/Python/3.10.19/x64
2025-12-21T15:33:05.4489090Z   PKG_CONFIG_PATH: /opt/hostedtoolcache/Python/3.10.19/x64/lib/pkgconfig
2025-12-21T15:33:05.4491064Z   Python_ROOT_DIR: /opt/hostedtoolcache/Python/3.10.19/x64
2025-12-21T15:33:05.4492567Z   Python2_ROOT_DIR: /opt/hostedtoolcache/Python/3.10.19/x64
2025-12-21T15:33:05.4494057Z   Python3_ROOT_DIR: /opt/hostedtoolcache/Python/3.10.19/x64
2025-12-21T15:33:05.4495524Z   LD_LIBRARY_PATH: /opt/hostedtoolcache/Python/3.10.19/x64/lib
2025-12-21T15:33:05.4496730Z ##[endgroup]
2025-12-21T15:33:06.1379178Z Requirement already satisfied: pip in /opt/hostedtoolcache/Python/3.10.19/x64/lib/python3.10/site-packages (25.3)
2025-12-21T15:33:06.9627599Z Collecting Flask==3.0.0 (from -r requirements.txt (line 1))
2025-12-21T15:33:07.0628864Z   Downloading flask-3.0.0-py3-none-any.whl.metadata (3.6 kB)
2025-12-21T15:33:07.1224501Z Collecting yfinance>=0.2.66 (from -r requirements.txt (line 2))
2025-12-21T15:33:07.1418158Z   Downloading yfinance-0.2.66-py2.py3-none-any.whl.metadata (6.0 kB)
2025-12-21T15:33:07.1747383Z Collecting qrcode==7.4.2 (from -r requirements.txt (line 3))
2025-12-21T15:33:07.1942412Z   Downloading qrcode-7.4.2-py3-none-any.whl.metadata (17 kB)
2025-12-21T15:33:07.4604060Z Collecting Pillow>=10.4.0 (from -r requirements.txt (line 4))
2025-12-21T15:33:07.4814008Z   Downloading pillow-12.0.0-cp310-cp310-manylinux_2_27_x86_64.manylinux_2_28_x86_64.whl.metadata (8.8 kB)
2025-12-21T15:33:07.5668198Z Collecting plugp100>=4.0.0 (from -r requirements.txt (line 5))
2025-12-21T15:33:07.5860595Z   Downloading plugp100-5.1.5-py3-none-any.whl.metadata (6.2 kB)
2025-12-21T15:33:07.6161490Z Collecting pyttsx3==2.90 (from -r requirements.txt (line 6))
2025-12-21T15:33:07.6355972Z   Downloading pyttsx3-2.90-py3-none-any.whl.metadata (3.6 kB)
2025-12-21T15:33:07.6706536Z Collecting python-dotenv (from -r requirements.txt (line 7))
2025-12-21T15:33:07.6894992Z   Downloading python_dotenv-1.2.1-py3-none-any.whl.metadata (25 kB)
2025-12-21T15:33:07.7318814Z Collecting pyobjc>=10.0 (from -r requirements.txt (line 8))
2025-12-21T15:33:07.7510258Z   Downloading pyobjc-12.1-py3-none-any.whl.metadata (26 kB)
2025-12-21T15:33:07.9036424Z ERROR: Exception:
2025-12-21T15:33:07.9037038Z Traceback (most recent call last):
2025-12-21T15:33:07.9044966Z   File "/opt/hostedtoolcache/Python/3.10.19/x64/lib/python3.10/site-packages/pip/_vendor/pkg_resources/__init__.py", line 3367, in _dep_map
2025-12-21T15:33:07.9046101Z     return self.__dep_map
2025-12-21T15:33:07.9047190Z   File "/opt/hostedtoolcache/Python/3.10.19/x64/lib/python3.10/site-packages/pip/_vendor/pkg_resources/__init__.py", line 3147, in __getattr__
2025-12-21T15:33:07.9048300Z     raise AttributeError(attr)
2025-12-21T15:33:07.9048789Z AttributeError: _DistInfoDistribution__dep_map
2025-12-21T15:33:07.9049151Z 
2025-12-21T15:33:07.9049460Z During handling of the above exception, another exception occurred:
2025-12-21T15:33:07.9049925Z 
2025-12-21T15:33:07.9050097Z Traceback (most recent call last):
2025-12-21T15:33:07.9051365Z   File "/opt/hostedtoolcache/Python/3.10.19/x64/lib/python3.10/site-packages/pip/_internal/cli/base_command.py", line 107, in _run_wrapper
2025-12-21T15:33:07.9052419Z     status = _inner_run()
2025-12-21T15:33:07.9053889Z   File "/opt/hostedtoolcache/Python/3.10.19/x64/lib/python3.10/site-packages/pip/_internal/cli/base_command.py", line 98, in _inner_run
2025-12-21T15:33:07.9055195Z     return self.run(options, args)
2025-12-21T15:33:07.9056242Z   File "/opt/hostedtoolcache/Python/3.10.19/x64/lib/python3.10/site-packages/pip/_internal/cli/req_command.py", line 85, in wrapper
2025-12-21T15:33:07.9057239Z     return func(self, options, args)
2025-12-21T15:33:07.9058175Z   File "/opt/hostedtoolcache/Python/3.10.19/x64/lib/python3.10/site-packages/pip/_internal/commands/install.py", line 388, in run
2025-12-21T15:33:07.9059034Z     requirement_set = resolver.resolve(
2025-12-21T15:33:07.9060002Z   File "/opt/hostedtoolcache/Python/3.10.19/x64/lib/python3.10/site-packages/pip/_internal/resolution/resolvelib/resolver.py", line 99, in resolve
2025-12-21T15:33:07.9061172Z     result = self._result = resolver.resolve(
2025-12-21T15:33:07.9062206Z   File "/opt/hostedtoolcache/Python/3.10.19/x64/lib/python3.10/site-packages/pip/_vendor/resolvelib/resolvers/resolution.py", line 601, in resolve
2025-12-21T15:33:07.9063290Z     state = resolution.resolve(requirements, max_rounds=max_rounds)
2025-12-21T15:33:07.9064358Z   File "/opt/hostedtoolcache/Python/3.10.19/x64/lib/python3.10/site-packages/pip/_vendor/resolvelib/resolvers/resolution.py", line 434, in resolve
2025-12-21T15:33:07.9065377Z     self._add_to_criteria(self.state.criteria, r, parent=None)
2025-12-21T15:33:07.9066454Z   File "/opt/hostedtoolcache/Python/3.10.19/x64/lib/python3.10/site-packages/pip/_vendor/resolvelib/resolvers/resolution.py", line 150, in _add_to_criteria
2025-12-21T15:33:07.9067417Z     if not criterion.candidates:
2025-12-21T15:33:07.9068285Z   File "/opt/hostedtoolcache/Python/3.10.19/x64/lib/python3.10/site-packages/pip/_vendor/resolvelib/structs.py", line 194, in __bool__
2025-12-21T15:33:07.9069136Z     return bool(self._sequence)
2025-12-21T15:33:07.9070098Z   File "/opt/hostedtoolcache/Python/3.10.19/x64/lib/python3.10/site-packages/pip/_internal/resolution/resolvelib/found_candidates.py", line 165, in __bool__
2025-12-21T15:33:07.9071251Z     self._bool = any(self)
2025-12-21T15:33:07.9072233Z   File "/opt/hostedtoolcache/Python/3.10.19/x64/lib/python3.10/site-packages/pip/_internal/resolution/resolvelib/found_candidates.py", line 149, in <genexpr>
2025-12-21T15:33:07.9073317Z     return (c for c in iterator if id(c) not in self._incompatible_ids)
2025-12-21T15:33:07.9074455Z   File "/opt/hostedtoolcache/Python/3.10.19/x64/lib/python3.10/site-packages/pip/_internal/resolution/resolvelib/found_candidates.py", line 39, in _iter_built
2025-12-21T15:33:07.9075485Z     candidate = func()
2025-12-21T15:33:07.9076482Z   File "/opt/hostedtoolcache/Python/3.10.19/x64/lib/python3.10/site-packages/pip/_internal/resolution/resolvelib/factory.py", line 180, in _make_candidate_from_link
2025-12-21T15:33:07.9077814Z     base: BaseCandidate | None = self._make_base_candidate_from_link(
2025-12-21T15:33:07.9079143Z   File "/opt/hostedtoolcache/Python/3.10.19/x64/lib/python3.10/site-packages/pip/_internal/resolution/resolvelib/factory.py", line 226, in _make_base_candidate_from_link
2025-12-21T15:33:07.9080266Z     self._link_candidate_cache[link] = LinkCandidate(
2025-12-21T15:33:07.9081407Z   File "/opt/hostedtoolcache/Python/3.10.19/x64/lib/python3.10/site-packages/pip/_internal/resolution/resolvelib/candidates.py", line 318, in __init__
2025-12-21T15:33:07.9082305Z     super().__init__(
2025-12-21T15:33:07.9083164Z   File "/opt/hostedtoolcache/Python/3.10.19/x64/lib/python3.10/site-packages/pip/_internal/resolution/resolvelib/candidates.py", line 161, in __init__
2025-12-21T15:33:07.9084086Z     self.dist = self._prepare()
2025-12-21T15:33:07.9084972Z   File "/opt/hostedtoolcache/Python/3.10.19/x64/lib/python3.10/site-packages/pip/_internal/resolution/resolvelib/candidates.py", line 260, in _prepare
2025-12-21T15:33:07.9085873Z     self._check_metadata_consistency(dist)
2025-12-21T15:33:07.9086896Z   File "/opt/hostedtoolcache/Python/3.10.19/x64/lib/python3.10/site-packages/pip/_internal/resolution/resolvelib/candidates.py", line 232, in _check_metadata_consistency
2025-12-21T15:33:07.9088443Z     list(dist.iter_dependencies(list(dist.iter_provided_extras())))
2025-12-21T15:33:07.9089516Z   File "/opt/hostedtoolcache/Python/3.10.19/x64/lib/python3.10/site-packages/pip/_internal/metadata/pkg_resources.py", line 247, in iter_provided_extras
2025-12-21T15:33:07.9090446Z     return self._extra_mapping.keys()
2025-12-21T15:33:07.9091592Z   File "/opt/hostedtoolcache/Python/3.10.19/x64/lib/python3.10/site-packages/pip/_internal/metadata/pkg_resources.py", line 91, in _extra_mapping
2025-12-21T15:33:07.9092562Z     canonicalize_name(extra): extra for extra in self._dist.extras
2025-12-21T15:33:07.9093529Z   File "/opt/hostedtoolcache/Python/3.10.19/x64/lib/python3.10/site-packages/pip/_vendor/pkg_resources/__init__.py", line 3323, in extras
2025-12-21T15:33:07.9094363Z     return [dep for dep in self._dep_map if dep]
2025-12-21T15:33:07.9095254Z   File "/opt/hostedtoolcache/Python/3.10.19/x64/lib/python3.10/site-packages/pip/_vendor/pkg_resources/__init__.py", line 3369, in _dep_map
2025-12-21T15:33:07.9096188Z     self.__dep_map = self._compute_dependencies()
2025-12-21T15:33:07.9097137Z   File "/opt/hostedtoolcache/Python/3.10.19/x64/lib/python3.10/site-packages/pip/_vendor/pkg_resources/__init__.py", line 3386, in _compute_dependencies
2025-12-21T15:33:07.9098160Z     common = types.MappingProxyType(dict.fromkeys(reqs_for_extra(None)))
2025-12-21T15:33:07.9099188Z   File "/opt/hostedtoolcache/Python/3.10.19/x64/lib/python3.10/site-packages/pip/_vendor/pkg_resources/__init__.py", line 3383, in reqs_for_extra
2025-12-21T15:33:07.9100097Z     if not req.marker or req.marker.evaluate({'extra': extra}):
2025-12-21T15:33:07.9101142Z   File "/opt/hostedtoolcache/Python/3.10.19/x64/lib/python3.10/site-packages/pip/_vendor/packaging/markers.py", line 347, in evaluate
2025-12-21T15:33:07.9101949Z     return _evaluate_markers(
2025-12-21T15:33:07.9102809Z   File "/opt/hostedtoolcache/Python/3.10.19/x64/lib/python3.10/site-packages/pip/_vendor/packaging/markers.py", line 239, in _evaluate_markers
2025-12-21T15:33:07.9103770Z     groups[-1].append(_eval_op(lhs_value, op, rhs_value))
2025-12-21T15:33:07.9104646Z   File "/opt/hostedtoolcache/Python/3.10.19/x64/lib/python3.10/site-packages/pip/_vendor/packaging/markers.py", line 187, in _eval_op
2025-12-21T15:33:07.9105465Z     return spec.contains(lhs, prereleases=True)
2025-12-21T15:33:07.9106337Z   File "/opt/hostedtoolcache/Python/3.10.19/x64/lib/python3.10/site-packages/pip/_vendor/packaging/specifiers.py", line 552, in contains
2025-12-21T15:33:07.9107161Z     normalized_item = _coerce_version(item)
2025-12-21T15:33:07.9108066Z   File "/opt/hostedtoolcache/Python/3.10.19/x64/lib/python3.10/site-packages/pip/_vendor/packaging/specifiers.py", line 28, in _coerce_version
2025-12-21T15:33:07.9108956Z     version = Version(version)
2025-12-21T15:33:07.9109736Z   File "/opt/hostedtoolcache/Python/3.10.19/x64/lib/python3.10/site-packages/pip/_vendor/packaging/version.py", line 202, in __init__
2025-12-21T15:33:07.9110796Z     raise InvalidVersion(f"Invalid version: {version!r}")
2025-12-21T15:33:07.9111464Z pip._vendor.packaging.version.InvalidVersion: Invalid version: '6.11.0-1018-azure'
2025-12-21T15:33:07.9528216Z ##[error]Process completed with exit code 2.
2025-12-21T15:33:07.9712140Z Post job cleanup.
2025-12-21T15:33:08.0653215Z [command]/usr/bin/git version
2025-12-21T15:33:08.0688099Z git version 2.52.0
2025-12-21T15:33:08.0731774Z Temporarily overriding HOME='/home/runner/work/_temp/2440f4bd-ac9b-4e7f-89f5-493b9a9d5c65' before making global git config changes
2025-12-21T15:33:08.0733085Z Adding repository directory to the temporary git global config as a safe directory
2025-12-21T15:33:08.0744765Z [command]/usr/bin/git config --global --add safe.directory /home/runner/work/Smart_Stock_Light/Smart_Stock_Light
2025-12-21T15:33:08.0779778Z [command]/usr/bin/git config --local --name-only --get-regexp core\.sshCommand
2025-12-21T15:33:08.0812636Z [command]/usr/bin/git submodule foreach --recursive sh -c "git config --local --name-only --get-regexp 'core\.sshCommand' && git config --local --unset-all 'core.sshCommand' || :"
2025-12-21T15:33:08.1043895Z [command]/usr/bin/git config --local --name-only --get-regexp http\.https\:\/\/github\.com\/\.extraheader
2025-12-21T15:33:08.1064022Z http.https://github.com/.extraheader
2025-12-21T15:33:08.1076827Z [command]/usr/bin/git config --local --unset-all http.https://github.com/.extraheader
2025-12-21T15:33:08.1107412Z [command]/usr/bin/git submodule foreach --recursive sh -c "git config --local --name-only --get-regexp 'http\.https\:\/\/github\.com\/\.extraheader' && git config --local --unset-all 'http.https://github.com/.extraheader' || :"
2025-12-21T15:33:08.1325934Z [command]/usr/bin/git config --local --name-only --get-regexp ^includeIf\.gitdir:
2025-12-21T15:33:08.1355899Z [command]/usr/bin/git submodule foreach --recursive git config --local --show-origin --name-only --get-regexp remote.origin.url
2025-12-21T15:33:08.1676921Z Cleaning up orphan processes
